led. Please install it with `yarn add expo` and try again.
edisonngu@Edisons-MacBook-Air TicketScanner % npm install expo
npm warn deprecated inflight@1.0.6: This module is not supported, and leaks memory. Do not use it. Check out lru-cache if you want a good and tested way to coalesce async requests by a key value, which is much more comprehensive and powerful.
npm warn deprecated @babel/plugin-proposal-nullish-coalescing-operator@7.18.6: This proposal has been merged to the ECMAScript standard and thus this plugin is no longer maintained. Please use @babel/plugin-transform-nullish-coalescing-operator instead.
npm warn deprecated @babel/plugin-proposal-class-properties@7.18.6: This proposal has been merged to the ECMAScript standard and thus this plugin is no longer maintained. Please use @babel/plugin-transform-class-properties instead.
npm warn deprecated rimraf@3.0.2: Rimraf versions prior to v4 are no longer supported
npm warn deprecated @babel/plugin-proposal-optional-chaining@7.21.0: This proposal has been merged to the ECMAScript standard and thus this plugin is no longer maintained. Please use @babel/plugin-transform-optional-chaining instead.
npm warn deprecated glob@7.2.3: Glob versions prior to v9 are no longer supported
npm warn deprecated glob@7.2.3: Glob versions prior to v9 are no longer supported
npm warn deprecated glob@7.2.3: Glob versions prior to v9 are no longer supported
npm warn deprecated glob@7.2.3: Glob versions prior to v9 are no longer supported
npm warn deprecated glob@7.2.3: Glob versions prior to v9 are no longer supported
npm warn deprecated sudo-prompt@9.1.1: Package no longer supported. Contact Support at https://www.npmjs.com/support for more info.
npm warn deprecated @xmldom/xmldom@0.7.13: this version is no longer supported, please update to at least 0.8.*
npm warn deprecated stable@0.1.8: Modern JS already guarantees Array#sort() is a stable sort, so this library is deprecated. See the compatibility table on MDN: https://developer.mozilla.org/en-US/docs/Web/JavaScript/Reference/Global_Objects/Array/sort#browser_compatibility
npm warn deprecated osenv@0.1.5: This package is no longer supported.
npm warn deprecated lodash.get@4.4.2: This package is deprecated. Use the optional chaining (?.) operator instead.
npm warn deprecated abab@2.0.6: Use your platform's native atob() and btoa() methods instead
npm warn deprecated @oclif/screen@3.0.8: Package no longer supported. Contact Support at https://www.npmjs.com/support for more info.
npm warn deprecated @npmcli/move-file@1.1.2: This functionality has been moved to @npmcli/fs
npm warn deprecated @babel/plugin-proposal-object-rest-spread@7.20.7: This proposal has been merged to the ECMAScript standard and thus this plugin is no longer maintained. Please use @babel/plugin-transform-object-rest-spread instead.
npm warn deprecated @babel/plugin-proposal-export-namespace-from@7.18.9: This proposal has been merged to the ECMAScript standard and thus this plugin is no longer maintained. Please use @babel/plugin-transform-export-namespace-from instead.
npm warn deprecated @babel/plugin-proposal-numeric-separator@7.18.6: This proposal has been merged to the ECMAScript standard and thus this plugin is no longer maintained. Please use @babel/plugin-transform-numeric-separator instead.
npm warn deprecated uuid@3.4.0: Please upgrade  to version 7 or higher.  Older versions may use Math.random() in certain circumstances, which is known to be problematic.  See https://v8.dev/blog/math-random for details.
npm warn deprecated @babel/plugin-proposal-async-generator-functions@7.20.7: This proposal has been merged to the ECMAScript standard and thus this plugin is no longer maintained. Please use @babel/plugin-transform-async-generator-functions instead.
npm warn deprecated glob@7.1.6: Glob versions prior to v9 are no longer supported
npm warn deprecated @babel/plugin-proposal-optional-catch-binding@7.18.6: This proposal has been merged to the ECMAScript standard and thus this plugin is no longer maintained. Please use @babel/plugin-transform-optional-catch-binding instead.
npm warn deprecated rimraf@2.4.5: Rimraf versions prior to v4 are no longer supported
npm warn deprecated glob@6.0.4: Glob versions prior to v9 are no longer supported
npm warn deprecated uuid@3.4.0: Please upgrade  to version 7 or higher.  Older versions may use Math.random() in certain circumstances, which is known to be problematic.  See https://v8.dev/blog/math-random for details.
npm warn deprecated uuid@3.4.0: Please upgrade  to version 7 or higher.  Older versions may use Math.random() in certain circumstances, which is known to be problematic.  See https://v8.dev/blog/math-random for details.
npm warn deprecated glob@7.1.6: Glob versions prior to v9 are no longer supported
npm warn deprecated rimraf@2.7.1: Rimraf versions prior to v4 are no longer supported
npm warn deprecated glob@7.1.6: Glob versions prior to v9 are no longer supported
npm warn deprecated glob@7.1.6: Glob versions prior to v9 are no longer supported
npm warn deprecated glob@7.1.6: Glob versions prior to v9 are no longer supported

added 1876 packages, and audited 1877 packages in 16s

226 packages are looking for funding
  run `npm fund` for details

29 vulnerabilities (4 low, 7 moderate, 18 high)

To address issues that do not require attention, run:
  npm audit fix

To address all issues (including breaking changes), run:
  npm audit fix --force

Run `npm audit` for details.
edisonngu@Edisons-MacBook-Air TicketScanner % npm install @react-native-async-storage/async-storage @react-native-community/netinfo react-native-gesture-handler react-native-paper expo-barcode-scanner expo-camera react expo-status-bar

up to date, audited 1877 packages in 7s

226 packages are looking for funding
  run `npm fund` for details

29 vulnerabilities (4 low, 7 moderate, 18 high)

To address issues that do not require attention, run:
  npm audit fix

To address all issues (including breaking changes), run:
  npm audit fix --force

Run `npm audit` for details.
edisonngu@Edisons-MacBook-Air TicketScanner % npx expo-cli init --name "Event Ticket Scanner" --template blank
WARNING: The legacy expo-cli does not support Node +17. Migrate to the new local Expo CLI: https://blog.expo.dev/the-new-expo-cli-f4250d8e3421.
┌───────────────────────────────────────────────────────────────────────────┐
│                                                                           │
│   The global expo-cli package has been deprecated.                        │
│                                                                           │
│   The new Expo CLI is now bundled in your project in the expo package.    │
│   Learn more: https://blog.expo.dev/the-new-expo-cli-f4250d8e3421.        │
│                                                                           │
│   To use the local CLI instead (recommended in SDK 46 and higher), run:   │
│   › npx expo <command>                                                    │
│                                                                           │
└───────────────────────────────────────────────────────────────────────────┘

Migrate to using:
› npx create-expo-app --template

Deprecated: Use expo init [name] instead of --name [name].
edisonngu@Edisons-MacBook-Air TicketScanner % {
  "expo": {
    "name": "Event Ticket Scanner",
    "slug": "event-ticket-scanner",
    "version": "1.0.0",
    "orientation": "portrait",
    "icon": "./assets/icon.png",
    "userInterfaceStyle": "light",
    "splash": {
      "image": "./assets/splash.png",
      "resizeMode": "contain",
      "backgroundColor": "#ffffff"
    },
    "assetBundlePatterns": [
      "**/*"
    ],
    "ios": {
      "supportsTablet": true
    },
    "android": {
      "adaptiveIcon": {
        "foregroundImage": "./assets/adaptive-icon.png",
        "backgroundColor": "#ffffff"
      }
    },
    "web": {
      "favicon": "./assets/favicon.png"
    },
    "plugins": [
      "expo-camera",
      "expo-barcode-scanner"
    ]
  }
}
zsh: parse error near `}'
edisonngu@Edisons-MacBook-Air TicketScanner % npx expo start
Starting project at /Users/edisonngu/TicketScanner
Starting Metro Bundler
TypeError: g.on is not a function
TypeError: g.on is not a function
    at /Users/edisonngu/TicketScanner/node_modules/@expo/cli/build/src/utils/glob.js:19:11
    at new Promise (<anonymous>)
    at Object.everyMatchAsync (/Users/edisonngu/TicketScanner/node_modules/@expo/cli/build/src/utils/glob.js:10:12)
    at /Users/edisonngu/TicketScanner/node_modules/@expo/cli/build/src/start/doctor/typescript/TypeScriptProjectPrerequisite.js:140:24
    at /Users/edisonngu/TicketScanner/node_modules/@expo/cli/build/src/utils/glob.js:56:27
    at new Promise (<anonymous>)
    at Object.wrapGlobWithTimeout (/Users/edisonngu/TicketScanner/node_modules/@expo/cli/build/src/utils/glob.js:49:12)
    at TypeScriptProjectPrerequisite._queryFirstTypeScriptFileAsync (/Users/edisonngu/TicketScanner/node_modules/@expo/cli/build/src/start/doctor/typescript/TypeScriptProjectPrerequisite.js:139:42)
    at TypeScriptProjectPrerequisite._getSetupRequirements (/Users/edisonngu/TicketScanner/node_modules/@expo/cli/build/src/start/doctor/typescript/TypeScriptProjectPrerequisite.js:103:43)
    at async TypeScriptProjectPrerequisite.assertImplementation (/Users/edisonngu/TicketScanner/node_modules/@expo/cli/build/src/start/doctor/typescript/TypeScriptProjectPrerequisite.js:58:24)
edisonngu@Edisons-MacBook-Air TicketScanner % npx create-expo-app TicketScannerApp
cd TicketScannerApp
Need to install the following packages:
create-expo-app@3.3.0
Ok to proceed? (y) y

Creating an Expo project using the default template.

To choose from all available templates pass in the --template arg:
  $ npx create-expo-app --template

To choose from all available examples pass in the --example arg:
  $ npx create-expo-app --example

✔ Downloaded and extracted project files.
> npm install
npm warn deprecated inflight@1.0.6: This module is not supported, and leaks memory. Do not use it. Check out lru-cache if you want a good and tested way to coalesce async requests by a key value, which is much more comprehensive and powerful.
npm warn deprecated @babel/plugin-proposal-nullish-coalescing-operator@7.18.6: This proposal has been merged to the ECMAScript standard and thus this plugin is no longer maintained. Please use @babel/plugin-transform-nullish-coalescing-operator instead.
npm warn deprecated @babel/plugin-proposal-class-properties@7.18.6: This proposal has been merged to the ECMAScript standard and thus this plugin is no longer maintained. Please use @babel/plugin-transform-class-properties instead.
npm warn deprecated rimraf@2.6.3: Rimraf versions prior to v4 are no longer supported
npm warn deprecated @babel/plugin-proposal-optional-chaining@7.21.0: This proposal has been merged to the ECMAScript standard and thus this plugin is no longer maintained. Please use @babel/plugin-transform-optional-chaining instead.
npm warn deprecated abab@2.0.6: Use your platform's native atob() and btoa() methods instead
npm warn deprecated rimraf@3.0.2: Rimraf versions prior to v4 are no longer supported
npm warn deprecated glob@7.2.3: Glob versions prior to v9 are no longer supported
npm warn deprecated glob@7.2.3: Glob versions prior to v9 are no longer supported
npm warn deprecated glob@7.2.3: Glob versions prior to v9 are no longer supported
npm warn deprecated glob@7.2.3: Glob versions prior to v9 are no longer supported
npm warn deprecated glob@7.2.3: Glob versions prior to v9 are no longer supported
npm warn deprecated glob@7.2.3: Glob versions prior to v9 are no longer supported
npm warn deprecated glob@7.2.3: Glob versions prior to v9 are no longer supported
npm warn deprecated glob@7.2.3: Glob versions prior to v9 are no longer supported
npm warn deprecated sudo-prompt@9.1.1: Package no longer supported. Contact Support at https://www.npmjs.com/support for more info.
npm warn deprecated @xmldom/xmldom@0.7.13: this version is no longer supported, please update to at least 0.8.*
npm warn deprecated domexception@4.0.0: Use your platform's native DOMException instead

added 1119 packages, and audited 1120 packages in 54s

94 packages are looking for funding
  run `npm fund` for details

found 0 vulnerabilities

✅ Your project is ready!

To run your project, navigate to the directory and run one of the following npm commands.

- cd TicketScannerApp
- npm run android
- npm run ios
- npm run web
edisonngu@Edisons-MacBook-Air TicketScannerApp % 
